[
    {
        "id": 4,
        "email": "pit69@gmail.com",
        "first_name": "Pieter",
        "last_name": "Griffin",
        "full_name": "Pieter Griffin",
        "email_verified_at": "2022-09-09T14:23:35.000000Z",
        "created_at": "2022-09-09T14:23:35.000000Z",
        "updated_at": "2022-09-09T14:23:35.000000Z"
    }
]
