{
    "original": "http:\/\/localhost:8000\/storage\/1\/some_file_name",
    "thumb_xs": "http:\/\/localhost:8000\/storage\/1\/conversions\/some_file_name-thumb_xs.jpg",
    "thumb_sm": "http:\/\/localhost:8000\/storage\/1\/conversions\/some_file_name-thumb_sm.jpg",
    "thumb_md": "http:\/\/localhost:8000\/storage\/1\/conversions\/some_file_name-thumb_md.jpg",
    "thumb_lg": "http:\/\/localhost:8000\/storage\/1\/conversions\/some_file_name-thumb_lg.jpg"
}
