{
    "original": "http:\/\/localhost:8000\/storage\/1\/Frankie Roob",
    "thumb_xs": "http:\/\/localhost:8000\/storage\/1\/conversions\/Frankie Roob-thumb_xs.jpg",
    "thumb_sm": "http:\/\/localhost:8000\/storage\/1\/conversions\/Frankie Roob-thumb_sm.jpg",
    "thumb_md": "http:\/\/localhost:8000\/storage\/1\/conversions\/Frankie Roob-thumb_md.jpg",
    "thumb_lg": "http:\/\/localhost:8000\/storage\/1\/conversions\/Frankie Roob-thumb_lg.jpg"
}
