{
    "id": 1,
    "file_name": "some_file_name",
    "size": 0,
    "url": "http:\/\/localhost:8000\/storage\/1\/some_file_name"
}
