{
    "query_key": {
        "query_value": "shouldStillBeCamel"
    },
    "camel_case": "shouldStillBeCamel"
}
