{
    "apiToken": "eyJ0eXAiOiJKV1QiLCJhbGciOiJIUzI1NiJ9.eyJpc3MiOiJodHRwOi8vbG9jYWxob3N0L2F1dGgvcmVnaXN0ZXIiLCJpYXQiOjE2NTQ2MDAwNDgsImV4cCI6MTY1NzE5MjA0OCwibmJmIjoxNjU0NjAwMDQ4LCJqdGkiOiJ6VGNYQWpRVzJKMXl6N2ltIiwic3ViIjoiMSIsInBydiI6IjIzYmQ1Yzg5NDlmNjAwYWRiMzllNzAxYzQwMDg3MmRiN2E1OTc2ZjcifQ.KWO8B-TUsTKyf_XcJgb669AY53vKiLO9BUoeG9gM30g",
    "user": {
        "id": 1,
        "firstName": "Gussie",
        "lastName": "Howell",
        "fullName": "Gussie Howell",
        "email": "kevin8853678@owow.io",
        "roles": []
    }
}
