{
    "message": "",
    "errors": {
        "email": [
            "This password reset token is invalid."
        ]
    }
}
