{
    "apiToken": "eyJ0eXAiOiJKV1QiLCJhbGciOiJIUzI1NiJ9.eyJpc3MiOiJodHRwOi8vbG9jYWxob3N0L2F1dGgvcGFzc3dvcmQvcmVzZXQiLCJpYXQiOjE2NTQ1OTk3NzgsImV4cCI6MTY1NzE5MTc3OCwibmJmIjoxNjU0NTk5Nzc4LCJqdGkiOiJiMUluYW9sMGF5VDRLb0ZUIiwic3ViIjoiMSIsInBydiI6IjIzYmQ1Yzg5NDlmNjAwYWRiMzllNzAxYzQwMDg3MmRiN2E1OTc2ZjcifQ.ZUB1aAolOm0H5otoWmyLuIidMDneiIVhHGiXRtTQEmk",
    "user": {
        "id": 1,
        "firstName": "Rose",
        "lastName": "Kiehn",
        "fullName": "Rose Kiehn",
        "email": "welch.fannie41849@owow.io",
        "roles": []
    }
}
