{
    "message": "",
    "errors": {
        "email": [
            "We can't find a user with that e-mail address."
        ]
    }
}
