{
    "id": 1,
    "firstName": "Juul",
    "lastName": "Sardjoe",
    "fullName": "Juul Sardjoe",
    "profilePicture": null,
    "email": "julius1861852@owow.io",
    "roles": []
}
