[
    {
        "id": 2,
        "first_name": "Dees-jan",
        "last_name": "Pieterson"
    },
    {
        "id": 3,
        "first_name": "Payam-jan",
        "last_name": "Pieterson"
    }
]
