[
    {
        "id": 3,
        "first_name": "Payam-jan",
        "last_name": "Pieterson"
    }
]
