The :attribute must only contain letters, numbers or specific special characters ($'.!,-_").