{
    "foo.bar": "Reiciendis et occaecati architecto et.",
    "amine.the.rapper": "Sequi voluptatibus enim adipisci nulla aut quia corporis.",
    "bar.baz": [
        "Admin",
        "Moderator"
    ],
    "eminem.the.rapper": [
        "Admin",
        "Moderator"
    ]
}
