{
    "currentPage": 1,
    "data": [],
    "firstPageUrl": "http:\/\/localhost:8000\/projects\/1\/translations?filter%5Btags.name%5D=api&sort=%2Cid&page=1",
    "from": null,
    "lastPage": 1,
    "lastPageUrl": "http:\/\/localhost:8000\/projects\/1\/translations?filter%5Btags.name%5D=api&sort=%2Cid&page=1",
    "links": [
        {
            "url": null,
            "label": "&laquo; Previous",
            "active": false
        },
        {
            "url": "http:\/\/localhost:8000\/projects\/1\/translations?filter%5Btags.name%5D=api&sort=%2Cid&page=1",
            "label": "1",
            "active": true
        },
        {
            "url": null,
            "label": "Next &raquo;",
            "active": false
        }
    ],
    "nextPageUrl": null,
    "path": "http:\/\/localhost:8000\/projects\/1\/translations",
    "perPage": 15,
    "prevPageUrl": null,
    "to": null,
    "total": 0
}
