{
    "currentPage": 1,
    "data": [
        {
            "id": 1,
            "projectId": 1,
            "key": "ut.non.quod",
            "description": "Id accusantium quae voluptas eius architecto blanditiis repellendus.",
            "isNested": false,
            "createdAt": "2023-03-11T15:41:50.000000Z",
            "updatedAt": "2023-03-11T15:41:50.000000Z",
            "tags": [
                {
                    "id": 1,
                    "name": {
                        "en": "api"
                    },
                    "slug": {
                        "en": "api"
                    },
                    "type": "translation",
                    "orderColumn": 1,
                    "createdAt": "2023-03-11T15:41:50.000000Z",
                    "updatedAt": "2023-03-11T15:41:50.000000Z",
                    "pivot": {
                        "taggableId": 1,
                        "tagId": 1,
                        "taggableType": "translations"
                    }
                }
            ],
            "translationValues": [
                {
                    "id": 1,
                    "translationId": 1,
                    "language": "en",
                    "value": "Doloribus quia a nisi cumque.",
                    "verifiedAt": null,
                    "createdAt": "2023-03-11T15:41:50.000000Z",
                    "updatedAt": "2023-03-11T15:41:50.000000Z"
                }
            ]
        },
        {
            "id": 2,
            "projectId": 1,
            "key": "eum.explicabo.quia",
            "description": "Enim qui modi unde quam.",
            "isNested": false,
            "createdAt": "2023-03-11T15:41:50.000000Z",
            "updatedAt": "2023-03-11T15:41:50.000000Z",
            "tags": [],
            "translationValues": [
                {
                    "id": 2,
                    "translationId": 2,
                    "language": "nl",
                    "value": "Ullam provident est rem dolore est.",
                    "verifiedAt": null,
                    "createdAt": "2023-03-11T15:41:50.000000Z",
                    "updatedAt": "2023-03-11T15:41:50.000000Z"
                }
            ]
        }
    ],
    "firstPageUrl": "http:\/\/localhost:8000\/projects\/1\/translations?sort=%2Cid&page=1",
    "from": 1,
    "lastPage": 1,
    "lastPageUrl": "http:\/\/localhost:8000\/projects\/1\/translations?sort=%2Cid&page=1",
    "links": [
        {
            "url": null,
            "label": "&laquo; Previous",
            "active": false
        },
        {
            "url": "http:\/\/localhost:8000\/projects\/1\/translations?sort=%2Cid&page=1",
            "label": "1",
            "active": true
        },
        {
            "url": null,
            "label": "Next &raquo;",
            "active": false
        }
    ],
    "nextPageUrl": null,
    "path": "http:\/\/localhost:8000\/projects\/1\/translations",
    "perPage": 15,
    "prevPageUrl": null,
    "to": 2,
    "total": 2
}
