{
    "currentPage": 1,
    "data": [
        {
            "id": 2,
            "projectId": 1,
            "key": "qui.eos.corporis",
            "description": "Numquam dolor architecto sunt beatae in.",
            "isNested": false,
            "createdAt": "2023-03-11T15:41:12.000000Z",
            "updatedAt": "2023-03-11T15:41:12.000000Z",
            "tags": [],
            "translationValues": [
                {
                    "id": 2,
                    "translationId": 2,
                    "language": "nl",
                    "value": "Et deserunt eligendi quia omnis vero rerum.",
                    "verifiedAt": null,
                    "createdAt": "2023-03-11T15:41:12.000000Z",
                    "updatedAt": "2023-03-11T15:41:12.000000Z"
                }
            ]
        }
    ],
    "firstPageUrl": "http:\/\/localhost:8000\/projects\/1\/translations?filter%5Btranslation_values.language%5D=nl&sort=%2Cid&page=1",
    "from": 1,
    "lastPage": 1,
    "lastPageUrl": "http:\/\/localhost:8000\/projects\/1\/translations?filter%5Btranslation_values.language%5D=nl&sort=%2Cid&page=1",
    "links": [
        {
            "url": null,
            "label": "&laquo; Previous",
            "active": false
        },
        {
            "url": "http:\/\/localhost:8000\/projects\/1\/translations?filter%5Btranslation_values.language%5D=nl&sort=%2Cid&page=1",
            "label": "1",
            "active": true
        },
        {
            "url": null,
            "label": "Next &raquo;",
            "active": false
        }
    ],
    "nextPageUrl": null,
    "path": "http:\/\/localhost:8000\/projects\/1\/translations",
    "perPage": 15,
    "prevPageUrl": null,
    "to": 1,
    "total": 1
}
