{
    "url": "http:\/\/localhost:8000\/translations\/export?expires=1685434922&filename=en.json&path=eyJpdiI6IkwrUEYrbWo0ZFVIU2ljTmRBMTkrUXc9PSIsInZhbHVlIjoiNDBCQ1FYMTArZnVYZmgrQnoyM29SdExWbFo5Wk85cGQ0ZGhxVlpmcnJGRDhiQlQvbXptK29xRlMycmw3eWwyZkFxRUs3OWJTdEhvNU8yVVRiK3FnQS9MNWxKN3JKUVM2dVBSQnZCMHRkbTg9IiwibWFjIjoiMWNiOWY3N2UzNmNhNTBmZjYwZThlNWRjNTA2NGIwNzk5YzM5YjQyZmUyYTg4ZThkOTk5MWMxZjI1MWMyNjdjMiIsInRhZyI6IiJ9&signature=b2311e2973b689d3c8e3e30c01c065cb8b44e7cd9b14518f0e15ddef8b77bf01",
    "fileName": "en.json"
}
