{
    "url": "http:\/\/localhost:8000\/translations\/export?expires=1685435256&filename=en.json&path=eyJpdiI6IkY5STQzV2lxOG1JdmlSZHlnY3JDelE9PSIsInZhbHVlIjoiQjVzV3dLQlNDYWlGK1Q3MG5CcWo5R2tFWmQ4bU1oUlJKN2ZFbkpNSU96OElhNVY5aTZhbFdrVUJUTFd0T2U4UWV5RGJDS0d2RFJic2tvQURHcWFtcW1hWXFHUGdxRmthUHNUR0x4UGNhVDA9IiwibWFjIjoiMjlhZjVkOWY5MzFmNjk2OWRhZTM1Y2UwOGNhMzQ3YjZkZjI5YWUzODg2N2UzNjRiOTMwMTcwZTRmMmFkYzg4ZiIsInRhZyI6IiJ9&signature=d6d0fc70957b7bb9e3e77c79afe17f59156b18d0bcbbebcfb53a7a506b1fb9a9",
    "fileName": "en.json"
}
